# 5 长期存活的对象将进入老年代
 
    Survivor只是增加了对象在年轻代中的逗留时间，增加了被垃圾回收的可能性。
 
 
概述 

    对象在MinorGC后并不都会直接进入老年代，除非Survivor空间不够，
    否则此存活对象会经过多次Minor GC后还生存的话才进入老年代，
    而虚拟机默认的Minor GC次数为15次，可通过-XX:MaxTenuringThreshold进行次数设置。    
    
VM参数

    -XX:+UseSerialGC -XX:+PrintGCDetails 
    -verbose:gc -Xms20M -Xmx20M -Xmn10M -XX:SurvivorRatio=8
    -XX:MaxTenuringThreshold=1

代码
    
    public static void testAllocation(){
        byte[] allocation1,allocation2,allocation3;
    
        allocation1 = new byte[1 * _1MB / 4];
        allocation2 = new byte[4 * _1MB];
        allocation3 = new byte[4 * _1MB];
        allocation3 = null;
        allocation3 = new byte[4 * _1MB];
    }
    
GC日志

    JDK6环境下才有这个效果
    MaxTenuringThreshold = 15
    
    [GC [DefNew: 4679K->375K(9216K), 0.0044310 secs] 4679K->4471K(19456K), 0.0044650 secs] [Times: user=0.00 sys=0.00, real=0.00 secs] 
    [GC [DefNew: 4635K->375K(9216K), 0.0086340 secs] 8731K->4471K(19456K), 0.0086660 secs] [Times: user=0.00 sys=0.02, real=0.01 secs] 
    Heap
    def new generation   total 9216K, used 4635K [0xee330000, 0xeed30000, 0xeed30000)
    eden space 8192K,  52% used [0xee330000, 0xee758fe0, 0xeeb30000)
    from space 1024K,  36% used [0xeeb30000, 0xeeb8dc68, 0xeec30000)
    to   space 1024K,   0% used [0xeec30000, 0xeec30000, 0xeed30000)
    tenured generation   total 10240K, used 4096K [0xeed30000, 0xef730000, 0xef730000)
    the space 10240K,  40% used [0xeed30000, 0xef130010, 0xef130200, 0xef730000)
    compacting perm gen  total 16384K, used 1912K [0xef730000, 0xf0730000, 0xf3730000)
    the space 16384K,  11% used [0xef730000, 0xef90e3b8, 0xef90e400, 0xf0730000)
    No shared spaces configured.                           

    MaxTenuringThreshold = 1
    
    [GC [DefNew: 4679K->375K(9216K), 0.0037650 secs] 4679K->4471K(19456K), 0.0037960 secs] [Times: user=0.00 sys=0.00, real=0.00 secs] 
    [GC [DefNew: 4471K->0K(9216K), 0.0010150 secs] 8567K->4471K(19456K), 0.0010580 secs] [Times: user=0.00 sys=0.00, real=0.00 secs] 
    Heap
    def new generation   total 9216K, used 4423K [0xee350000, 0xeed50000, 0xeed50000)
    eden space 8192K,  54% used [0xee350000, 0xee7a1fa8, 0xeeb50000)
    from space 1024K,   0% used [0xeeb50000, 0xeeb50000, 0xeec50000)
    to   space 1024K,   0% used [0xeec50000, 0xeec50000, 0xeed50000)
    tenured generation   total 10240K, used 4471K [0xeed50000, 0xef750000, 0xef750000)
    the space 10240K,  43% used [0xeed50000, 0xef1adc50, 0xef1ade00, 0xef750000)
    compacting perm gen  total 16384K, used 1912K [0xef750000, 0xf0750000, 0xf3750000)
    the space 16384K,  11% used [0xef750000, 0xef92e3b8, 0xef92e400, 0xf0750000)
    No shared spaces configured.
