# 6 动态对象年龄判定
   
概述
  
    为了更好地适应内存情况，
    虚拟机不是要求对象必须到达MaxTenuringThreshold才可晋升老年代的，
    而是采用动态年龄判定的方法：
    如果Servivor空间中相同年龄的对象大小大于Servivor空间的一般时，
    由于下一次的MinorGC时，这些对象如果仍然存活的话，复制到ToServivor空间时就放不下了。
    所以，在本次GC时就可以把这些对象以及年龄大于等于这些对象的直接进入老年代。

VM参数
    
    -XX:+UseSerialGC -XX:+PrintGCDetails -verbose:gc -Xms20M -Xmx20M -Xmn10M -XX:SurvivorRatio=8
    
代码

    public static void testAllocation(){
        byte[] allocation1,allocation2,allocation3,allocation4;

        allocation1 = new byte[1 * _1MB / 4];
        allocation2 = new byte[2 * _1MB / 4];//注释前后对比
        allocation3 = new byte[4 * _1MB];
        allocation4 = new byte[4 * _1MB];
        allocation3 = null;
        allocation4 = new byte[4 * _1MB];
    }        
 
GC日志

    allocation2被注释的情况下

    [GC [DefNew: 4679K->375K(9216K), 0.0033230 secs] 4679K->4471K(19456K), 0.0033590 secs] [Times: user=0.02 sys=0.00, real=0.00 secs] 
    [GC [DefNew: 4471K->375K(9216K), 0.0145510 secs] 8567K->8567K(19456K), 0.0145810 secs] [Times: user=0.00 sys=0.00, real=0.01 secs] 
    Heap
    def new generation   total 9216K, used 4798K [0xee380000, 0xeed80000, 0xeed80000)
    eden space 8192K,  54% used [0xee380000, 0xee7d1fa8, 0xeeb80000)
    from space 1024K,  36% used [0xeeb80000, 0xeebddc40, 0xeec80000)
    to   space 1024K,   0% used [0xeec80000, 0xeec80000, 0xeed80000)
    tenured generation   total 10240K, used 8192K [0xeed80000, 0xef780000, 0xef780000)
    the space 10240K,  80% used [0xeed80000, 0xef580020, 0xef580200, 0xef780000)
    compacting perm gen  total 16384K, used 1912K [0xef780000, 0xf0780000, 0xf3780000)
    the space 16384K,  11% used [0xef780000, 0xef95e3b8, 0xef95e400, 0xf0780000)
    No shared spaces configured.        
    
    
    allocation2没有注释的情况下

    [GC [DefNew: 5191K->887K(9216K), 0.0046370 secs] 5191K->4983K(19456K), 0.0048820 secs] [Times: user=0.00 sys=0.00, real=0.01 secs] 
    [GC [DefNew: 4983K->0K(9216K), 0.0038680 secs] 9079K->9079K(19456K), 0.0039040 secs] [Times: user=0.00 sys=0.00, real=0.00 secs] 
    Heap
    def new generation   total 9216K, used 4423K [0xee3c0000, 0xeedc0000, 0xeedc0000)
    eden space 8192K,  54% used [0xee3c0000, 0xee811fa8, 0xeebc0000)
    from space 1024K,   0% used [0xeebc0000, 0xeebc0000, 0xeecc0000)
    to   space 1024K,   0% used [0xeecc0000, 0xeecc0000, 0xeedc0000)
    tenured generation   total 10240K, used 9079K [0xeedc0000, 0xef7c0000, 0xef7c0000)
    the space 10240K,  88% used [0xeedc0000, 0xef69dc70, 0xef69de00, 0xef7c0000)
    compacting perm gen  total 16384K, used 1912K [0xef7c0000, 0xf07c0000, 0xf37c0000)
    the space 16384K,  11% used [0xef7c0000, 0xef99e3e8, 0xef99e400, 0xf07c0000)
    No shared spaces configured.
    
