
# YGC（）

    2016-03-14T14:25:26.731-0800: 0.150: [GC pause (young) (initial-mark), 0.0018610 secs]
     触发时间在JVM启动后0.15秒，年轻代GC，停顿被并发标记复用，暂停的时间为0.001861secs
    [Parallel Time: 1.5 ms, GC Workers: 4]
    表示以下的操作以4个线程并行，耗时1.5ms：
      [GC Worker Start (ms): Min: 149.6, Avg: 149.7, Max: 149.9, Diff: 0.3]
      [Ext Root Scanning (ms): Min: 0.5, Avg: 0.8, Max: 1.1, Diff: 0.6, Sum: 3.3]
      [Code Root Marking (ms): Min: 0.0, Avg: 0.0, Max: 0.0, Diff: 0.0, Sum: 0.0]
      [Update RS (ms): Min: 0.0, Avg: 0.0, Max: 0.0, Diff: 0.0, Sum: 0.0]
         [Processed Buffers: Min: 0, Avg: 2.8, Max: 11, Diff: 11, Sum: 11]
      [Scan RS (ms): Min: 0.0, Avg: 0.0, Max: 0.0, Diff: 0.0, Sum: 0.0]
      [Code Root Scanning (ms): Min: 0.0, Avg: 0.0, Max: 0.0, Diff: 0.0, Sum: 0.0]
      [Object Copy (ms): Min: 0.2, Avg: 0.4, Max: 0.6, Diff: 0.3, Sum: 1.8]
      [Termination (ms): Min: 0.0, Avg: 0.0, Max: 0.0, Diff: 0.0, Sum: 0.0]
      [GC Worker Other (ms): Min: 0.0, Avg: 0.0, Max: 0.1, Diff: 0.1, Sum: 0.2]
      [GC Worker Total (ms): Min: 1.1, Avg: 1.3, Max: 1.4, Diff: 0.3, Sum: 5.3]
      [GC Worker End (ms): Min: 151.0, Avg: 151.0, Max: 151.0, Diff: 0.1]
    [Code Root Fixup: 0.0 ms]
    [Clear CT: 0.1 ms]
    [Other: 0.3 ms]
      [Choose CSet: 0.0 ms]
      [Ref Proc: 0.2 ms]
      [Ref Enq: 0.0 ms]
      [Free CSet: 0.0 ms]
    [Eden: 1024.0K(14.0M)->0.0B(6144.0K) Survivors: 0.0B->1024.0K Heap: 7886.9K(25.0M)->7560.1K(25.0M)]
    [Times: user=0.00 sys=0.00, real=0.00 secs] 

# 并发标记

    [Times: user=0.00 sys=0.00, real=0.00 secs] 
    2016-03-14T14:25:26.733-0800: 0.152: [GC concurrent-root-region-scan-start]
    2016-03-14T14:25:26.734-0800: 0.152: [GC concurrent-root-region-scan-end, 0.0008520 secs]
    2016-03-14T14:25:26.734-0800: 0.152: [GC concurrent-mark-start]
    2016-03-14T14:25:26.734-0800: 0.152: [GC concurrent-mark-end, 0.0000760 secs]
    2016-03-14T14:25:26.735-0800: 0.153: [GC remark 2016-03-14T14:25:26.735-0800: 0.153: [GC ref-proc, 0.0000390 secs], 0.0006540 secs]
     [Times: user=0.01 sys=0.00, real=0.00 secs] 
    2016-03-14T14:25:26.735-0800: 0.154: [GC cleanup 9669K->7621K(25M), 0.0003380 secs]
     [Times: user=0.00 sys=0.00, real=0.00 secs] 
    2016-03-14T14:25:26.736-0800: 0.154: [GC concurrent-cleanup-start]
    2016-03-14T14:25:26.736-0800: 0.154: [GC concurrent-cleanup-end, 0.0000270 secs]



# 参考

https://www.jianshu.com/p/ac1ba3479c08    

https://t.hao0.me/jvm/2016/03/15/jvm-gc-log.html

https://blogs.oracle.com/poonam/understanding-g1-gc-logs

https://blog.csdn.net/zhanggang807/article/details/46011341  （上篇的译文）


